// Vitest Snapshot v1, https://vitest.dev/guide/snapshot.html

exports[`Options > Enable dereference 1`] = `
"const Comp1 = z.object({ Prop1: z.string(), Prop2: z.number() }).partial();
const Comp2 = z.object({ Prop1: z.string(), Prop2: z.number() }).partial();
"
`;
